2026-06-13T06:10:33 [WARNING ] pipeline.segmentation.1.2.840.113619.2.359.3.2831208971.102.1580775830.218_1.2.840.113619.2.359.3.2831208971.746.1580781641.741 — Anchor organ missing or too small: kidney_left (lbl 3), voxels=0 < 500
2026-06-13T06:10:33 [WARNING ] pipeline.segmentation.1.2.840.113619.2.359.3.2831208971.102.1580775830.218_1.2.840.113619.2.359.3.2831208971.746.1580781641.741 — Anchor organ missing or too small: kidney_left (lbl 3), voxels=0 < 500
2026-06-13T06:10:33 [WARNING ] pipeline.segmentation.1.2.840.113619.2.359.3.2831208971.102.1580775830.218_1.2.840.113619.2.359.3.2831208971.746.1580781641.741 — Anchor organ missing or too small: kidney_right (lbl 4), voxels=0 < 500
2026-06-13T06:10:33 [WARNING ] pipeline.segmentation.1.2.840.113619.2.359.3.2831208971.102.1580775830.218_1.2.840.113619.2.359.3.2831208971.746.1580781641.741 — Anchor organ missing or too small: kidney_right (lbl 4), voxels=0 < 500
2026-06-13T06:10:33 [WARNING ] pipeline.segmentation.1.2.840.113619.2.359.3.2831208971.102.1580775830.218_1.2.840.113619.2.359.3.2831208971.746.1580781641.741 — Only 1/6 spine labels present — Kabsch XY may be underdetermined.
2026-06-13T06:10:33 [WARNING ] pipeline.segmentation.1.2.840.113619.2.359.3.2831208971.102.1580775830.218_1.2.840.113619.2.359.3.2831208971.746.1580781641.741 — Only 1/6 spine labels present — Kabsch XY may be underdetermined.
2026-06-13T06:11:29 [WARNING ] pipeline.segmentation.1.2.840.113619.2.359.3.2831208971.102.1580775832.66_1.2.840.113619.2.359.3.2831208971.102.1580775832.166.4198401 — Only 2/6 spine labels present — Kabsch XY may be underdetermined.
2026-06-13T06:11:29 [WARNING ] pipeline.segmentation.1.2.840.113619.2.359.3.2831208971.102.1580775832.66_1.2.840.113619.2.359.3.2831208971.102.1580775832.166.4198401 — Only 2/6 spine labels present — Kabsch XY may be underdetermined.
2026-06-13T06:13:53 [WARNING ] pipeline.segmentation.1.2.840.113619.2.359.3.2831208971.102.1580775832.66_1.2.840.113619.2.359.3.2831208971.102.1580775832.395.11 — Only 2/6 spine labels present — Kabsch XY may be underdetermined.
2026-06-13T06:13:53 [WARNING ] pipeline.segmentation.1.2.840.113619.2.359.3.2831208971.102.1580775832.66_1.2.840.113619.2.359.3.2831208971.102.1580775832.395.11 — Only 2/6 spine labels present — Kabsch XY may be underdetermined.
2026-06-13T07:12:22 [WARNING ] pipeline.segmentation.1.2.840.113619.2.359.3.2831208971.121.1592349971.356_1.2.840.113619.2.359.3.2831208971.121.1592349971.471.4198401 — Only 2/6 spine labels present — Kabsch XY may be underdetermined.
2026-06-13T07:12:22 [WARNING ] pipeline.segmentation.1.2.840.113619.2.359.3.2831208971.121.1592349971.356_1.2.840.113619.2.359.3.2831208971.121.1592349971.471.4198401 — Only 2/6 spine labels present — Kabsch XY may be underdetermined.
2026-06-13T07:21:33 [WARNING ] pipeline.segmentation.1.2.840.113619.2.359.3.2831208971.125.1572221105.250_1.2.840.113619.2.359.3.2831208971.125.1572221105.344.4198401 — Anchor organ missing or too small: kidney_right (lbl 4), voxels=0 < 500
2026-06-13T07:21:33 [WARNING ] pipeline.segmentation.1.2.840.113619.2.359.3.2831208971.125.1572221105.250_1.2.840.113619.2.359.3.2831208971.125.1572221105.344.4198401 — Anchor organ missing or too small: kidney_right (lbl 4), voxels=0 < 500
2026-06-13T07:21:33 [WARNING ] pipeline.segmentation.1.2.840.113619.2.359.3.2831208971.125.1572221105.250_1.2.840.113619.2.359.3.2831208971.125.1572221105.344.4198401 — Only 2/6 spine labels present — Kabsch XY may be underdetermined.
2026-06-13T07:21:33 [WARNING ] pipeline.segmentation.1.2.840.113619.2.359.3.2831208971.125.1572221105.250_1.2.840.113619.2.359.3.2831208971.125.1572221105.344.4198401 — Only 2/6 spine labels present — Kabsch XY may be underdetermined.
2026-06-13T09:48:04 [WARNING ] pipeline.segmentation.1.2.840.113619.2.359.3.2831208971.225.1582503716.763_1.2.840.113619.2.359.3.2831208971.225.1582503717.108.11 — Only 2/6 spine labels present — Kabsch XY may be underdetermined.
2026-06-13T09:48:04 [WARNING ] pipeline.segmentation.1.2.840.113619.2.359.3.2831208971.225.1582503716.763_1.2.840.113619.2.359.3.2831208971.225.1582503717.108.11 — Only 2/6 spine labels present — Kabsch XY may be underdetermined.
2026-06-13T11:39:57 [WARNING ] pipeline.segmentation.1.2.840.113619.2.359.3.2831208971.47.1588634888.707_1.2.840.113619.2.359.3.2831208971.47.1588634888.806.4198401 — Anchor organ missing or too small: kidney_right (lbl 4), voxels=0 < 500
2026-06-13T11:39:57 [WARNING ] pipeline.segmentation.1.2.840.113619.2.359.3.2831208971.47.1588634888.707_1.2.840.113619.2.359.3.2831208971.47.1588634888.806.4198401 — Anchor organ missing or too small: kidney_right (lbl 4), voxels=0 < 500
2026-06-13T11:53:09 [WARNING ] pipeline.segmentation.1.2.840.113619.2.359.3.2831208971.48.1580516777.575_1.2.840.113619.2.359.3.2831208971.48.1580516777.858.9 — Only 2/6 spine labels present — Kabsch XY may be underdetermined.
2026-06-13T11:53:09 [WARNING ] pipeline.segmentation.1.2.840.113619.2.359.3.2831208971.48.1580516777.575_1.2.840.113619.2.359.3.2831208971.48.1580516777.858.9 — Only 2/6 spine labels present — Kabsch XY may be underdetermined.
2026-06-13T13:03:13 [WARNING ] pipeline.segmentation.1.2.840.113619.2.359.3.2831208971.74.1575870249.958_1.2.840.113619.2.359.3.2831208971.721.1575879420.216 — Anchor organ missing or too small: liver (lbl 1), voxels=6 < 500
2026-06-13T13:03:13 [WARNING ] pipeline.segmentation.1.2.840.113619.2.359.3.2831208971.74.1575870249.958_1.2.840.113619.2.359.3.2831208971.721.1575879420.216 — Anchor organ missing or too small: liver (lbl 1), voxels=6 < 500
2026-06-13T13:03:13 [WARNING ] pipeline.segmentation.1.2.840.113619.2.359.3.2831208971.74.1575870249.958_1.2.840.113619.2.359.3.2831208971.721.1575879420.216 — Anchor organ missing or too small: spleen (lbl 2), voxels=0 < 500
2026-06-13T13:03:13 [WARNING ] pipeline.segmentation.1.2.840.113619.2.359.3.2831208971.74.1575870249.958_1.2.840.113619.2.359.3.2831208971.721.1575879420.216 — Anchor organ missing or too small: spleen (lbl 2), voxels=0 < 500
2026-06-13T13:03:13 [WARNING ] pipeline.segmentation.1.2.840.113619.2.359.3.2831208971.74.1575870249.958_1.2.840.113619.2.359.3.2831208971.721.1575879420.216 — Anchor organ missing or too small: kidney_left (lbl 3), voxels=0 < 500
2026-06-13T13:03:13 [WARNING ] pipeline.segmentation.1.2.840.113619.2.359.3.2831208971.74.1575870249.958_1.2.840.113619.2.359.3.2831208971.721.1575879420.216 — Anchor organ missing or too small: kidney_left (lbl 3), voxels=0 < 500
2026-06-13T13:03:13 [WARNING ] pipeline.segmentation.1.2.840.113619.2.359.3.2831208971.74.1575870249.958_1.2.840.113619.2.359.3.2831208971.721.1575879420.216 — Anchor organ missing or too small: kidney_right (lbl 4), voxels=0 < 500
2026-06-13T13:03:13 [WARNING ] pipeline.segmentation.1.2.840.113619.2.359.3.2831208971.74.1575870249.958_1.2.840.113619.2.359.3.2831208971.721.1575879420.216 — Anchor organ missing or too small: kidney_right (lbl 4), voxels=0 < 500
2026-06-13T13:03:13 [ERROR   ] pipeline.segmentation.1.2.840.113619.2.359.3.2831208971.74.1575870249.958_1.2.840.113619.2.359.3.2831208971.721.1575879420.216 — Only 0/4 anchor organs present — seg_reg is too sparse for reliable alignment. Likely cause: wrong HU range (re-run dicom_processor) or OOM during segmentation.
2026-06-13T13:03:13 [ERROR   ] pipeline.segmentation.1.2.840.113619.2.359.3.2831208971.74.1575870249.958_1.2.840.113619.2.359.3.2831208971.721.1575879420.216 — Only 0/4 anchor organs present — seg_reg is too sparse for reliable alignment. Likely cause: wrong HU range (re-run dicom_processor) or OOM during segmentation.
2026-06-13T13:03:13 [ERROR   ] pipeline.segmentation.1.2.840.113619.2.359.3.2831208971.74.1575870249.958_1.2.840.113619.2.359.3.2831208971.721.1575879420.216 — No spine labels found in seg_reg (L1-L5, spinal_cord). Kabsch SVD will be ill-conditioned. Likely cause: HU values out of range — verify bone HU > 200.
2026-06-13T13:03:13 [ERROR   ] pipeline.segmentation.1.2.840.113619.2.359.3.2831208971.74.1575870249.958_1.2.840.113619.2.359.3.2831208971.721.1575879420.216 — No spine labels found in seg_reg (L1-L5, spinal_cord). Kabsch SVD will be ill-conditioned. Likely cause: HU values out of range — verify bone HU > 200.
2026-06-13T13:03:13 [ERROR   ] pipeline.segmentation.1.2.840.113619.2.359.3.2831208971.74.1575870249.958_1.2.840.113619.2.359.3.2831208971.721.1575879420.216 — seg_reg covers only 0.00% of volume — nearly empty. TotalSegmentator likely failed on this volume.
2026-06-13T13:03:13 [ERROR   ] pipeline.segmentation.1.2.840.113619.2.359.3.2831208971.74.1575870249.958_1.2.840.113619.2.359.3.2831208971.721.1575879420.216 — seg_reg covers only 0.00% of volume — nearly empty. TotalSegmentator likely failed on this volume.
2026-06-13T13:53:12 [WARNING ] pipeline.segmentation.1.2.840.113619.2.359.3.2831208971.881.1583886732.445_1.2.840.113619.2.359.3.2831208971.881.1583886732.539.4198401 — Anchor organ missing or too small: kidney_left (lbl 3), voxels=307 < 500
2026-06-13T13:53:12 [WARNING ] pipeline.segmentation.1.2.840.113619.2.359.3.2831208971.881.1583886732.445_1.2.840.113619.2.359.3.2831208971.881.1583886732.539.4198401 — Anchor organ missing or too small: kidney_left (lbl 3), voxels=307 < 500
2026-06-13T13:53:12 [WARNING ] pipeline.segmentation.1.2.840.113619.2.359.3.2831208971.881.1583886732.445_1.2.840.113619.2.359.3.2831208971.881.1583886732.539.4198401 — Only 2/6 spine labels present — Kabsch XY may be underdetermined.
2026-06-13T13:53:12 [WARNING ] pipeline.segmentation.1.2.840.113619.2.359.3.2831208971.881.1583886732.445_1.2.840.113619.2.359.3.2831208971.881.1583886732.539.4198401 — Only 2/6 spine labels present — Kabsch XY may be underdetermined.
